// Jest Snapshot v1, https://goo.gl/fbAQLP

exports[`Card renders correctly 1`] = `
<div
  className="container-card"
>
  <div
    className="col-sm-6 col-md-4"
  >
    <div
      className="panel panel-default"
    >
      <div
        className="panel-body"
      >
        <p>
          First Name: 
          fname
        </p>
        <p>
          Last Name: 
          lname
        </p>
        <p>
          Email: 
          email
        </p>
        <div
          className="btn-group btn-group-justified"
          role="group"
        >
          <div
            className="btn-group"
            role="group"
          >
            <button
              className="btn btn-info edit-contact"
              type="button"
            >
              Edit contact
            </button>
          </div>
          <div
            className="btn-group"
            role="group"
          >
            <button
              className="btn btn-danger delete-contact"
              onClick={[Function]}
              type="button"
            >
              Delete contact
            </button>
          </div>
        </div>
      </div>
    </div>
  </div>
</div>
`;
